Archive member included because of file (symbol)

c:/winavr-20100110/bin/../lib/gcc/avr/4.3.3/avr5\libgcc.a(_udivmodsi4.o)
                              debug.o (__udivmodsi4)
c:/winavr-20100110/bin/../lib/gcc/avr/4.3.3/avr5\libgcc.a(_exit.o)
                              c:/winavr-20100110/bin/../lib/gcc/avr/4.3.3/../../../../avr/lib/avr5/crtm328p.o (exit)
c:/winavr-20100110/bin/../lib/gcc/avr/4.3.3/avr5\libgcc.a(_copy_data.o)
                              debug.o (__do_copy_data)
c:/winavr-20100110/bin/../lib/gcc/avr/4.3.3/avr5\libgcc.a(_clear_bss.o)
                              debug.o (__do_clear_bss)

Allocating common symbols
Common symbol       size              file

debug               0x2d              debug.o
Display             0x4               display.o

Memory Configuration

Name             Origin             Length             Attributes
text             0x00000000         0x00020000         xr
data             0x00800060         0x0000ffa0         rw !x
eeprom           0x00810000         0x00010000         rw !x
fuse             0x00820000         0x00000400         rw !x
lock             0x00830000         0x00000400         rw !x
signature        0x00840000         0x00000400         rw !x
*default*        0x00000000         0xffffffff

Linker script and memory map

Address of section .data set to 0x800100
LOAD c:/winavr-20100110/bin/../lib/gcc/avr/4.3.3/../../../../avr/lib/avr5/crtm328p.o
LOAD main.o
LOAD ws2812b.o
LOAD debug.o
LOAD display.o
LOAD c:/winavr-20100110/bin/../lib/gcc/avr/4.3.3/../../../../avr/lib/avr5\libm.a
LOAD c:/winavr-20100110/bin/../lib/gcc/avr/4.3.3/avr5\libgcc.a
LOAD c:/winavr-20100110/bin/../lib/gcc/avr/4.3.3/../../../../avr/lib/avr5\libc.a
LOAD c:/winavr-20100110/bin/../lib/gcc/avr/4.3.3/avr5\libgcc.a

.hash
 *(.hash)

.dynsym
 *(.dynsym)

.dynstr
 *(.dynstr)

.gnu.version
 *(.gnu.version)

.gnu.version_d
 *(.gnu.version_d)

.gnu.version_r
 *(.gnu.version_r)

.rel.init
 *(.rel.init)

.rela.init
 *(.rela.init)

.rel.text
 *(.rel.text)
 *(.rel.text.*)
 *(.rel.gnu.linkonce.t*)

.rela.text
 *(.rela.text)
 *(.rela.text.*)
 *(.rela.gnu.linkonce.t*)

.rel.fini
 *(.rel.fini)

.rela.fini
 *(.rela.fini)

.rel.rodata
 *(.rel.rodata)
 *(.rel.rodata.*)
 *(.rel.gnu.linkonce.r*)

.rela.rodata
 *(.rela.rodata)
 *(.rela.rodata.*)
 *(.rela.gnu.linkonce.r*)

.rel.data
 *(.rel.data)
 *(.rel.data.*)
 *(.rel.gnu.linkonce.d*)

.rela.data
 *(.rela.data)
 *(.rela.data.*)
 *(.rela.gnu.linkonce.d*)

.rel.ctors
 *(.rel.ctors)

.rela.ctors
 *(.rela.ctors)

.rel.dtors
 *(.rel.dtors)

.rela.dtors
 *(.rela.dtors)

.rel.got
 *(.rel.got)

.rela.got
 *(.rela.got)

.rel.bss
 *(.rel.bss)

.rela.bss
 *(.rela.bss)

.rel.plt
 *(.rel.plt)

.rela.plt
 *(.rela.plt)

.text           0x00000000      0xae0
 *(.vectors)
 .vectors       0x00000000       0x68 c:/winavr-20100110/bin/../lib/gcc/avr/4.3.3/../../../../avr/lib/avr5/crtm328p.o
                0x00000000                __vectors
                0x00000000                __vector_default
 *(.vectors)
 *(.progmem.gcc*)
 *(.progmem*)
                0x00000068                . = ALIGN (0x2)
                0x00000068                __trampolines_start = .
 *(.trampolines)
 .trampolines   0x00000068        0x0 linker stubs
 *(.trampolines*)
                0x00000068                __trampolines_end = .
 *(.jumptables)
 *(.jumptables*)
 *(.lowtext)
 *(.lowtext*)
                0x00000068                __ctors_start = .
 *(.ctors)
                0x00000068                __ctors_end = .
                0x00000068                __dtors_start = .
 *(.dtors)
                0x00000068                __dtors_end = .
 SORT(*)(.ctors)
 SORT(*)(.dtors)
 *(.init0)
 .init0         0x00000068        0x0 c:/winavr-20100110/bin/../lib/gcc/avr/4.3.3/../../../../avr/lib/avr5/crtm328p.o
                0x00000068                __init
 *(.init0)
 *(.init1)
 *(.init1)
 *(.init2)
 .init2         0x00000068        0xc c:/winavr-20100110/bin/../lib/gcc/avr/4.3.3/../../../../avr/lib/avr5/crtm328p.o
 *(.init2)
 *(.init3)
 *(.init3)
 *(.init4)
 .init4         0x00000074       0x16 c:/winavr-20100110/bin/../lib/gcc/avr/4.3.3/avr5\libgcc.a(_copy_data.o)
                0x00000074                __do_copy_data
 .init4         0x0000008a       0x10 c:/winavr-20100110/bin/../lib/gcc/avr/4.3.3/avr5\libgcc.a(_clear_bss.o)
                0x0000008a                __do_clear_bss
 *(.init4)
 *(.init5)
 *(.init5)
 *(.init6)
 *(.init6)
 *(.init7)
 *(.init7)
 *(.init8)
 *(.init8)
 *(.init9)
 .init9         0x0000009a        0x8 c:/winavr-20100110/bin/../lib/gcc/avr/4.3.3/../../../../avr/lib/avr5/crtm328p.o
 *(.init9)
 *(.text)
 .text          0x000000a2        0x4 c:/winavr-20100110/bin/../lib/gcc/avr/4.3.3/../../../../avr/lib/avr5/crtm328p.o
                0x000000a2                __vector_22
                0x000000a2                __vector_1
                0x000000a2                __vector_24
                0x000000a2                __vector_12
                0x000000a2                __bad_interrupt
                0x000000a2                __vector_6
                0x000000a2                __vector_3
                0x000000a2                __vector_23
                0x000000a2                __vector_25
                0x000000a2                __vector_11
                0x000000a2                __vector_13
                0x000000a2                __vector_17
                0x000000a2                __vector_19
                0x000000a2                __vector_7
                0x000000a2                __vector_5
                0x000000a2                __vector_9
                0x000000a2                __vector_2
                0x000000a2                __vector_21
                0x000000a2                __vector_15
                0x000000a2                __vector_8
                0x000000a2                __vector_14
                0x000000a2                __vector_10
                0x000000a2                __vector_18
                0x000000a2                __vector_20
 .text          0x000000a6       0x5e main.o
                0x000000a6                main
 .text          0x00000104      0x1c0 ws2812b.o
                0x0000027c                WS2812B_Send_Pixel
                0x000002ae                WS2812B_Init
                0x0000010a                WS2812B_Send_Byte
                0x0000029c                WS2812B_Reset
                0x00000104                WS2812B_Gpio_Init
 .text          0x000002c4      0x772 debug.o
                0x000003a2                debug_delay_index_1
                0x000008c0                debug_tx_parameter_bin_nl
                0x000007ba                debug_tx_number_bin_nl
                0x0000078a                debug_tx_number_cm
                0x0000090c                Debug_tx_parameter_bin_cm
                0x00000690                debug_tx_text_cm
                0x0000069a                debug_determine_digit_numbers
                0x000002c4                debug_struct_init
                0x0000033c                debug_timer_stop
                0x00000984                debug_available_bytes_rx_buf
                0x00000798                debug_tx_number_hex_nl
                0x00000932                debug_buf_get
                0x0000046e                debug_rx_byte
                0x00000944                debug_flush_buf
                0x0000093e                debug_buf_index_get
                0x000007ac                debug_tx_number_hex_cm
                0x000007dc                debug_tx_parameter_nl
                0x00000780                debug_tx_number_sp
                0x0000067c                debug_tx_text_nl
                0x00000358                debug_tx_set
                0x0000089a                Debug_tx_parameter_hex_cm
                0x00000656                debug_tx_text
                0x000007c4                debug_tx_number_bin_sp
                0x00000354                debug_tx_low
                0x00000322                debug_timer_start
                0x00000828                debug_tx_parameter_cm
                0x000004cc                debug_rx_byte_clear
                0x00000394                debug_delay_index_0
                0x0000073a                debug_tx_number
                0x000004d2                debug_rx_byte_set
                0x0000058c                debug_tx_bin
                0x00000376                debug_delay
                0x00000998                __vector_4
                0x000003b0                debug_delay_index_2
                0x00000646                debug_tx_sp
                0x0000098a                debug_init
                0x00000346                debug_gpio_init
                0x00000686                debug_tx_text_sp
                0x00000638                debug_tx_nl
                0x00000350                debug_tx_high
                0x00000776                debug_tx_number_nl
                0x00000802                debug_tx_parameter_sp
                0x00000874                debug_tx_parameter_hex_sp
                0x000003be                debug_tx_byte
                0x000007ce                debug_tx_number_bin_cm
                0x000007a2                debug_tx_number_hex_sp
                0x000008e6                debug_tx_parameter_bin_sp
                0x0000064e                debug_tx_cm
                0x0000095e                debug_databsy_get
                0x0000084e                debug_tx_parameter_hex_nl
                0x000004d8                debug_tx_hex
                0x00000964                debug_data_available_rx_buf
                0x000004c6                debug_rx_byte_get
                0x000002fc                debug_timings_init
                0x00000a16                __vector_16
                0x00000718                debug_tx_number_digits
                0x00000364                debug_rx_get
 .text          0x00000a36       0x62 display.o
                0x00000a4a                Display_Send_Row
                0x00000a36                Display_Init
 .text          0x00000a98        0x0 c:/winavr-20100110/bin/../lib/gcc/avr/4.3.3/avr5\libgcc.a(_udivmodsi4.o)
 .text          0x00000a98        0x0 c:/winavr-20100110/bin/../lib/gcc/avr/4.3.3/avr5\libgcc.a(_exit.o)
 .text          0x00000a98        0x0 c:/winavr-20100110/bin/../lib/gcc/avr/4.3.3/avr5\libgcc.a(_copy_data.o)
 .text          0x00000a98        0x0 c:/winavr-20100110/bin/../lib/gcc/avr/4.3.3/avr5\libgcc.a(_clear_bss.o)
                0x00000a98                . = ALIGN (0x2)
 *(.text.*)
 .text.libgcc   0x00000a98       0x44 c:/winavr-20100110/bin/../lib/gcc/avr/4.3.3/avr5\libgcc.a(_udivmodsi4.o)
                0x00000a98                __udivmodsi4
 .text.libgcc   0x00000adc        0x0 c:/winavr-20100110/bin/../lib/gcc/avr/4.3.3/avr5\libgcc.a(_exit.o)
 .text.libgcc   0x00000adc        0x0 c:/winavr-20100110/bin/../lib/gcc/avr/4.3.3/avr5\libgcc.a(_copy_data.o)
 .text.libgcc   0x00000adc        0x0 c:/winavr-20100110/bin/../lib/gcc/avr/4.3.3/avr5\libgcc.a(_clear_bss.o)
                0x00000adc                . = ALIGN (0x2)
 *(.fini9)
 .fini9         0x00000adc        0x0 c:/winavr-20100110/bin/../lib/gcc/avr/4.3.3/avr5\libgcc.a(_exit.o)
                0x00000adc                exit
                0x00000adc                _exit
 *(.fini9)
 *(.fini8)
 *(.fini8)
 *(.fini7)
 *(.fini7)
 *(.fini6)
 *(.fini6)
 *(.fini5)
 *(.fini5)
 *(.fini4)
 *(.fini4)
 *(.fini3)
 *(.fini3)
 *(.fini2)
 *(.fini2)
 *(.fini1)
 *(.fini1)
 *(.fini0)
 .fini0         0x00000adc        0x4 c:/winavr-20100110/bin/../lib/gcc/avr/4.3.3/avr5\libgcc.a(_exit.o)
 *(.fini0)
                0x00000ae0                _etext = .

.data           0x00800100       0x14 load address 0x00000ae0
                0x00800100                PROVIDE (__data_start, .)
 *(.data)
 .data          0x00800100        0x0 c:/winavr-20100110/bin/../lib/gcc/avr/4.3.3/../../../../avr/lib/avr5/crtm328p.o
 .data          0x00800100        0x0 main.o
 .data          0x00800100        0x0 ws2812b.o
 .data          0x00800100       0x14 debug.o
                0x00800102                TIM0_BAUD_9600
                0x00800108                TIM0_BAUD_19200
                0x0080010e                TIM0_BAUD_38400
 .data          0x00800114        0x0 display.o
 .data          0x00800114        0x0 c:/winavr-20100110/bin/../lib/gcc/avr/4.3.3/avr5\libgcc.a(_udivmodsi4.o)
 .data          0x00800114        0x0 c:/winavr-20100110/bin/../lib/gcc/avr/4.3.3/avr5\libgcc.a(_exit.o)
 .data          0x00800114        0x0 c:/winavr-20100110/bin/../lib/gcc/avr/4.3.3/avr5\libgcc.a(_copy_data.o)
 .data          0x00800114        0x0 c:/winavr-20100110/bin/../lib/gcc/avr/4.3.3/avr5\libgcc.a(_clear_bss.o)
 *(.data*)
 *(.rodata)
 *(.rodata*)
 *(.gnu.linkonce.d*)
                0x00800114                . = ALIGN (0x2)
                0x00800114                _edata = .
                0x00800114                PROVIDE (__data_end, .)

.bss            0x00800114       0x31
                0x00800114                PROVIDE (__bss_start, .)
 *(.bss)
 .bss           0x00800114        0x0 c:/winavr-20100110/bin/../lib/gcc/avr/4.3.3/../../../../avr/lib/avr5/crtm328p.o
 .bss           0x00800114        0x0 main.o
 .bss           0x00800114        0x0 ws2812b.o
 .bss           0x00800114        0x0 debug.o
 .bss           0x00800114        0x0 display.o
 .bss           0x00800114        0x0 c:/winavr-20100110/bin/../lib/gcc/avr/4.3.3/avr5\libgcc.a(_udivmodsi4.o)
 .bss           0x00800114        0x0 c:/winavr-20100110/bin/../lib/gcc/avr/4.3.3/avr5\libgcc.a(_exit.o)
 .bss           0x00800114        0x0 c:/winavr-20100110/bin/../lib/gcc/avr/4.3.3/avr5\libgcc.a(_copy_data.o)
 .bss           0x00800114        0x0 c:/winavr-20100110/bin/../lib/gcc/avr/4.3.3/avr5\libgcc.a(_clear_bss.o)
 *(.bss*)
 *(COMMON)
 COMMON         0x00800114       0x2d debug.o
                0x00800114                debug
 COMMON         0x00800141        0x4 display.o
                0x00800141                Display
                0x00800145                PROVIDE (__bss_end, .)
                0x00000ae0                __data_load_start = LOADADDR (.data)
                0x00000af4                __data_load_end = (__data_load_start + SIZEOF (.data))

.noinit         0x00800145        0x0
                0x00800145                PROVIDE (__noinit_start, .)
 *(.noinit*)
                0x00800145                PROVIDE (__noinit_end, .)
                0x00800145                _end = .
                0x00800145                PROVIDE (__heap_start, .)

.eeprom         0x00810000        0x0
 *(.eeprom*)
                0x00810000                __eeprom_end = .

.fuse
 *(.fuse)
 *(.lfuse)
 *(.hfuse)
 *(.efuse)

.lock
 *(.lock*)

.signature
 *(.signature*)

.stab
 *(.stab)

.stabstr
 *(.stabstr)

.stab.excl
 *(.stab.excl)

.stab.exclstr
 *(.stab.exclstr)

.stab.index
 *(.stab.index)

.stab.indexstr
 *(.stab.indexstr)

.comment
 *(.comment)

.debug
 *(.debug)

.line
 *(.line)

.debug_srcinfo
 *(.debug_srcinfo)

.debug_sfnames
 *(.debug_sfnames)

.debug_aranges  0x00000000       0x80
 *(.debug_aranges)
 .debug_aranges
                0x00000000       0x20 main.o
 .debug_aranges
                0x00000020       0x20 ws2812b.o
 .debug_aranges
                0x00000040       0x20 debug.o
 .debug_aranges
                0x00000060       0x20 display.o

.debug_pubnames
                0x00000000      0x63f
 *(.debug_pubnames)
 .debug_pubnames
                0x00000000       0x1b main.o
 .debug_pubnames
                0x0000001b       0x78 ws2812b.o
 .debug_pubnames
                0x00000093      0x568 debug.o
 .debug_pubnames
                0x000005fb       0x44 display.o

.debug_info     0x00000000     0x1006
 *(.debug_info)
 .debug_info    0x00000000      0x11d main.o
 .debug_info    0x0000011d      0x177 ws2812b.o
 .debug_info    0x00000294      0xc54 debug.o
 .debug_info    0x00000ee8      0x11e display.o
 *(.gnu.linkonce.wi.*)

.debug_abbrev   0x00000000      0x503
 *(.debug_abbrev)
 .debug_abbrev  0x00000000       0xc1 main.o
 .debug_abbrev  0x000000c1       0xf2 ws2812b.o
 .debug_abbrev  0x000001b3      0x288 debug.o
 .debug_abbrev  0x0000043b       0xc8 display.o

.debug_line     0x00000000     0x1363
 *(.debug_line)
 .debug_line    0x00000000      0x16c main.o
 .debug_line    0x0000016c      0x66f ws2812b.o
 .debug_line    0x000007db      0xa9c debug.o
 .debug_line    0x00001277       0xec display.o

.debug_frame    0x00000000      0x450
 *(.debug_frame)
 .debug_frame   0x00000000       0x20 main.o
 .debug_frame   0x00000020       0x60 ws2812b.o
 .debug_frame   0x00000080      0x3a0 debug.o
 .debug_frame   0x00000420       0x30 display.o

.debug_str      0x00000000      0x655
 *(.debug_str)
 .debug_str     0x00000000       0xd4 main.o
                                0x108 (size before relaxing)
 .debug_str     0x000000d4       0x6d ws2812b.o
                                0x126 (size before relaxing)
 .debug_str     0x00000141      0x4d7 debug.o
                                0x5c4 (size before relaxing)
 .debug_str     0x00000618       0x3d display.o
                                0x106 (size before relaxing)

.debug_loc      0x00000000      0x85f
 *(.debug_loc)
 .debug_loc     0x00000000       0x50 main.o
 .debug_loc     0x00000050       0x62 ws2812b.o
 .debug_loc     0x000000b2      0x767 debug.o
 .debug_loc     0x00000819       0x46 display.o

.debug_macinfo
 *(.debug_macinfo)
OUTPUT(main.elf elf32-avr)
LOAD linker stubs

.debug_ranges   0x00000000       0x60
 .debug_ranges  0x00000000       0x48 main.o
 .debug_ranges  0x00000048       0x18 debug.o

Cross Reference Table

Symbol                                            File
Debug_tx_parameter_bin_cm                         debug.o
Debug_tx_parameter_hex_cm                         debug.o
Display                                           display.o
Display_Init                                      display.o
                                                  main.o
Display_Send_Row                                  display.o
                                                  main.o
TIM0_BAUD_19200                                   debug.o
TIM0_BAUD_38400                                   debug.o
TIM0_BAUD_9600                                    debug.o
WS2812B_Gpio_Init                                 ws2812b.o
WS2812B_Init                                      ws2812b.o
                                                  main.o
WS2812B_Reset                                     ws2812b.o
WS2812B_Send_Byte                                 ws2812b.o
WS2812B_Send_Pixel                                ws2812b.o
                                                  display.o
__bad_interrupt                                   c:/winavr-20100110/bin/../lib/gcc/avr/4.3.3/../../../../avr/lib/avr5/crtm328p.o
__bss_end                                         c:/winavr-20100110/bin/../lib/gcc/avr/4.3.3/avr5\libgcc.a(_clear_bss.o)
__bss_start                                       c:/winavr-20100110/bin/../lib/gcc/avr/4.3.3/avr5\libgcc.a(_clear_bss.o)
__data_end                                        c:/winavr-20100110/bin/../lib/gcc/avr/4.3.3/avr5\libgcc.a(_copy_data.o)
__data_load_start                                 c:/winavr-20100110/bin/../lib/gcc/avr/4.3.3/avr5\libgcc.a(_copy_data.o)
__data_start                                      c:/winavr-20100110/bin/../lib/gcc/avr/4.3.3/avr5\libgcc.a(_copy_data.o)
__do_clear_bss                                    c:/winavr-20100110/bin/../lib/gcc/avr/4.3.3/avr5\libgcc.a(_clear_bss.o)
                                                  display.o
                                                  debug.o
__do_copy_data                                    c:/winavr-20100110/bin/../lib/gcc/avr/4.3.3/avr5\libgcc.a(_copy_data.o)
                                                  debug.o
__heap_end                                        c:/winavr-20100110/bin/../lib/gcc/avr/4.3.3/../../../../avr/lib/avr5/crtm328p.o
__init                                            c:/winavr-20100110/bin/../lib/gcc/avr/4.3.3/../../../../avr/lib/avr5/crtm328p.o
__stack                                           c:/winavr-20100110/bin/../lib/gcc/avr/4.3.3/../../../../avr/lib/avr5/crtm328p.o
__udivmodsi4                                      c:/winavr-20100110/bin/../lib/gcc/avr/4.3.3/avr5\libgcc.a(_udivmodsi4.o)
                                                  debug.o
__vector_1                                        c:/winavr-20100110/bin/../lib/gcc/avr/4.3.3/../../../../avr/lib/avr5/crtm328p.o
__vector_10                                       c:/winavr-20100110/bin/../lib/gcc/avr/4.3.3/../../../../avr/lib/avr5/crtm328p.o
__vector_11                                       c:/winavr-20100110/bin/../lib/gcc/avr/4.3.3/../../../../avr/lib/avr5/crtm328p.o
__vector_12                                       c:/winavr-20100110/bin/../lib/gcc/avr/4.3.3/../../../../avr/lib/avr5/crtm328p.o
__vector_13                                       c:/winavr-20100110/bin/../lib/gcc/avr/4.3.3/../../../../avr/lib/avr5/crtm328p.o
__vector_14                                       c:/winavr-20100110/bin/../lib/gcc/avr/4.3.3/../../../../avr/lib/avr5/crtm328p.o
__vector_15                                       c:/winavr-20100110/bin/../lib/gcc/avr/4.3.3/../../../../avr/lib/avr5/crtm328p.o
__vector_16                                       debug.o
                                                  c:/winavr-20100110/bin/../lib/gcc/avr/4.3.3/../../../../avr/lib/avr5/crtm328p.o
__vector_17                                       c:/winavr-20100110/bin/../lib/gcc/avr/4.3.3/../../../../avr/lib/avr5/crtm328p.o
__vector_18                                       c:/winavr-20100110/bin/../lib/gcc/avr/4.3.3/../../../../avr/lib/avr5/crtm328p.o
__vector_19                                       c:/winavr-20100110/bin/../lib/gcc/avr/4.3.3/../../../../avr/lib/avr5/crtm328p.o
__vector_2                                        c:/winavr-20100110/bin/../lib/gcc/avr/4.3.3/../../../../avr/lib/avr5/crtm328p.o
__vector_20                                       c:/winavr-20100110/bin/../lib/gcc/avr/4.3.3/../../../../avr/lib/avr5/crtm328p.o
__vector_21                                       c:/winavr-20100110/bin/../lib/gcc/avr/4.3.3/../../../../avr/lib/avr5/crtm328p.o
__vector_22                                       c:/winavr-20100110/bin/../lib/gcc/avr/4.3.3/../../../../avr/lib/avr5/crtm328p.o
__vector_23                                       c:/winavr-20100110/bin/../lib/gcc/avr/4.3.3/../../../../avr/lib/avr5/crtm328p.o
__vector_24                                       c:/winavr-20100110/bin/../lib/gcc/avr/4.3.3/../../../../avr/lib/avr5/crtm328p.o
__vector_25                                       c:/winavr-20100110/bin/../lib/gcc/avr/4.3.3/../../../../avr/lib/avr5/crtm328p.o
__vector_3                                        c:/winavr-20100110/bin/../lib/gcc/avr/4.3.3/../../../../avr/lib/avr5/crtm328p.o
__vector_4                                        debug.o
                                                  c:/winavr-20100110/bin/../lib/gcc/avr/4.3.3/../../../../avr/lib/avr5/crtm328p.o
__vector_5                                        c:/winavr-20100110/bin/../lib/gcc/avr/4.3.3/../../../../avr/lib/avr5/crtm328p.o
__vector_6                                        c:/winavr-20100110/bin/../lib/gcc/avr/4.3.3/../../../../avr/lib/avr5/crtm328p.o
__vector_7                                        c:/winavr-20100110/bin/../lib/gcc/avr/4.3.3/../../../../avr/lib/avr5/crtm328p.o
__vector_8                                        c:/winavr-20100110/bin/../lib/gcc/avr/4.3.3/../../../../avr/lib/avr5/crtm328p.o
__vector_9                                        c:/winavr-20100110/bin/../lib/gcc/avr/4.3.3/../../../../avr/lib/avr5/crtm328p.o
__vector_default                                  c:/winavr-20100110/bin/../lib/gcc/avr/4.3.3/../../../../avr/lib/avr5/crtm328p.o
__vectors                                         c:/winavr-20100110/bin/../lib/gcc/avr/4.3.3/../../../../avr/lib/avr5/crtm328p.o
_exit                                             c:/winavr-20100110/bin/../lib/gcc/avr/4.3.3/avr5\libgcc.a(_exit.o)
debug                                             debug.o
debug_available_bytes_rx_buf                      debug.o
debug_buf_get                                     debug.o
debug_buf_index_get                               debug.o
debug_data_available_rx_buf                       debug.o
debug_databsy_get                                 debug.o
debug_delay                                       debug.o
debug_delay_index_0                               debug.o
debug_delay_index_1                               debug.o
debug_delay_index_2                               debug.o
debug_determine_digit_numbers                     debug.o
debug_flush_buf                                   debug.o
debug_gpio_init                                   debug.o
debug_init                                        debug.o
                                                  main.o
debug_rx_byte                                     debug.o
debug_rx_byte_clear                               debug.o
debug_rx_byte_get                                 debug.o
debug_rx_byte_set                                 debug.o
debug_rx_get                                      debug.o
debug_struct_init                                 debug.o
debug_timer_start                                 debug.o
debug_timer_stop                                  debug.o
debug_timings_init                                debug.o
debug_tx_bin                                      debug.o
debug_tx_byte                                     debug.o
debug_tx_cm                                       debug.o
debug_tx_hex                                      debug.o
debug_tx_high                                     debug.o
debug_tx_low                                      debug.o
debug_tx_nl                                       debug.o
debug_tx_number                                   debug.o
debug_tx_number_bin_cm                            debug.o
debug_tx_number_bin_nl                            debug.o
debug_tx_number_bin_sp                            debug.o
debug_tx_number_cm                                debug.o
debug_tx_number_digits                            debug.o
debug_tx_number_hex_cm                            debug.o
debug_tx_number_hex_nl                            debug.o
debug_tx_number_hex_sp                            debug.o
debug_tx_number_nl                                debug.o
debug_tx_number_sp                                debug.o
debug_tx_parameter_bin_nl                         debug.o
debug_tx_parameter_bin_sp                         debug.o
debug_tx_parameter_cm                             debug.o
debug_tx_parameter_hex_nl                         debug.o
debug_tx_parameter_hex_sp                         debug.o
debug_tx_parameter_nl                             debug.o
debug_tx_parameter_sp                             debug.o
debug_tx_set                                      debug.o
debug_tx_sp                                       debug.o
debug_tx_text                                     debug.o
debug_tx_text_cm                                  debug.o
debug_tx_text_nl                                  debug.o
debug_tx_text_sp                                  debug.o
exit                                              c:/winavr-20100110/bin/../lib/gcc/avr/4.3.3/avr5\libgcc.a(_exit.o)
                                                  c:/winavr-20100110/bin/../lib/gcc/avr/4.3.3/../../../../avr/lib/avr5/crtm328p.o
main                                              main.o
                                                  c:/winavr-20100110/bin/../lib/gcc/avr/4.3.3/../../../../avr/lib/avr5/crtm328p.o
