   1               		.file	"main.c"
   2               	__SREG__ = 0x3f
   3               	__SP_H__ = 0x3e
   4               	__SP_L__ = 0x3d
   5               	__CCP__  = 0x34
   6               	__tmp_reg__ = 0
   7               	__zero_reg__ = 1
  15               	.Ltext0:
  16               	.global	main
  18               	main:
  19               	.LFB6:
  20               	.LM1:
  21 0000 0F93      		push r16
  22 0002 1F93      		push r17
  23 0004 CF93      		push r28
  24 0006 DF93      		push r29
  25               	/* prologue: function */
  26               	/* frame size = 0 */
  27               	.LM2:
  28 0008 0E94 0000 		call WS2812B_Init
  29               	.LM3:
  30 000c 0E94 0000 		call Display_Init
  31               	.LM4:
  32 0010 0E94 0000 		call debug_init
  33 0014 C0E0      		ldi r28,lo8(0)
  34 0016 D0E0      		ldi r29,hi8(0)
  35               	.LVL0:
  36               	.LBB12:
  37               	.LBB13:
  38               	.LBB14:
  39               	.LBB15:
  40               	.LM5:
  41 0018 0CE2      		ldi r16,lo8(300)
  42 001a 11E0      		ldi r17,hi8(300)
  43               	.LVL1:
  44               	.L3:
  45               	.LBE15:
  46               	.LBE14:
  47               	.LBE13:
  48               	.LBE12:
  49               	.LM6:
  50 001c CE01      		movw r24,r28
  51               	.LVL2:
  52 001e 0E94 0000 		call Display_Send_Row
  53               	.LVL3:
  54               	.LM7:
  55 0022 CE01      		movw r24,r28
  56 0024 0E94 0000 		call Display_Send_Row
  57               	.LM8:
  58 0028 CE01      		movw r24,r28
  59 002a 0E94 0000 		call Display_Send_Row
  60               	.LM9:
  61 002e CE01      		movw r24,r28
  62 0030 0E94 0000 		call Display_Send_Row
  63               	.LM10:
  64 0034 CE01      		movw r24,r28
  65 0036 0E94 0000 		call Display_Send_Row
  66               	.LM11:
  67 003a CE01      		movw r24,r28
  68 003c 0E94 0000 		call Display_Send_Row
  69               	.LM12:
  70 0040 CE01      		movw r24,r28
  71 0042 0E94 0000 		call Display_Send_Row
  72               	.LM13:
  73 0046 CE01      		movw r24,r28
  74 0048 0E94 0000 		call Display_Send_Row
  75               	.LM14:
  76 004c 2196      		adiw r28,1
  77 004e 88EE      		ldi r24,lo8(1000)
  78 0050 93E0      		ldi r25,hi8(1000)
  79               	.LVL4:
  80               	.L2:
  81               	.LBB19:
  82               	.LBB18:
  83               	.LBB17:
  84               	.LBB16:
  85               	.LM15:
  86 0052 F801      		movw r30,r16
  87               	.LVL5:
  88               	/* #APP */
  89               	 ;  105 "c:/winavr-20100110/lib/gcc/../../avr/include/util/delay_basic.h" 1
  90 0054 3197      		1: sbiw r30,1
  91 0056 01F4      		brne 1b
  92               	 ;  0 "" 2
  93               	/* #NOAPP */
  94               	.LBE16:
  95               	.LBE17:
  96               	.LM16:
  97 0058 0197      		sbiw r24,1
  98               	.LM17:
  99 005a 01F4      		brne .L2
 100 005c 00C0      		rjmp .L3
 101               	.LBE18:
 102               	.LBE19:
 103               	.LFE6:
 129               	.Letext0:
DEFINED SYMBOLS
                            *ABS*:00000000 main.c
C:\Users\farid\AppData\Local\Temp/cc7aGxJC.s:2      *ABS*:0000003f __SREG__
C:\Users\farid\AppData\Local\Temp/cc7aGxJC.s:3      *ABS*:0000003e __SP_H__
C:\Users\farid\AppData\Local\Temp/cc7aGxJC.s:4      *ABS*:0000003d __SP_L__
C:\Users\farid\AppData\Local\Temp/cc7aGxJC.s:5      *ABS*:00000034 __CCP__
C:\Users\farid\AppData\Local\Temp/cc7aGxJC.s:6      *ABS*:00000000 __tmp_reg__
C:\Users\farid\AppData\Local\Temp/cc7aGxJC.s:7      *ABS*:00000001 __zero_reg__
C:\Users\farid\AppData\Local\Temp/cc7aGxJC.s:18     .text:00000000 main

UNDEFINED SYMBOLS
WS2812B_Init
Display_Init
debug_init
Display_Send_Row
